 ◆ assay · 3 agents   ◐2 working ●0 idle ⚠1 blocked                       17:19
╭ coders 2 ───────────────────────────╮ ╭ qa 1 ───────────────────────────────╮
│⚠ pee11              opus ▓▓▓▓▓  91% │ │◐ qa                 son  ▓▓▓░░  66% │
│  NERD-5261 · rotation: handoff not… │ │  NERD-5262 · e2e                    │
│◐ pee12              opus ▓▓▓░░  58% │ ╰─────────────────────────────────────╯
│  NERD-5262 · go-coder               │
╰─────────────────────────────────────╯
















 ←↑↓→ move · enter focus · ? help
