╭──────────────────────────────────────────────────────────────────────────────╮
│ assay                                                               [ btop ] │
│ boss ▸ not running                                                     17:19 │
╰──────────────────────────────────────────────────────────────────────────────╯

╭─ CODERS · 2 ◐1 ⚠1 ───────────────────────────────────────────────────────────╮
│ ⚠ pee11  blocked  opus  ▓▓▓▓▓  91%  NERD-5261  rotation: handoff not acknow… │
│ ◐ pee12  working  opus  ▓▓▓░░  58%  NERD-5262  go-coder                      │
╰──────────────────────────────────────────────────────────────────────────────╯
╭─ QA · 1 ◐1 ──────────────────────────────────────────────────────────────────╮
│ ◐ qa     working  son   ▓▓▓░░  66%  NERD-5262  e2e                           │
╰──────────────────────────────────────────────────────────────────────────────╯











 enter jump · ↑↓ move · ctrl-b m btop · ? help · q quit
