 ◆ crowd · 20 agents   ◐9 working ●5 idle ⚠2 blocked ✔2 done ⟳1 ready ?1 unknown                                  17:19
 boss ▸ #900 · plan · ctx ▓▓▓▓▓░░░ 64%
╭ coders 20 ───────────────────────────╮
│◐ pee01               opus ░░░░░   7% │
│  NERD-5301 · go-coder                │
│● pee02               opus ▓░░░░  14% │
│  NERD-5302 · precheck                │
│◐ pee03               opus ▓░░░░  21% │
│  NERD-5303 · go-coder                │
│⚠ pee04               son  ▓░░░░  28% │
│  NERD-5304 · precheck                │
│◐ pee05               opus ▓▓░░░  35% │
│  NERD-5305 · go-coder                │
│✔ pee06               opus ▓▓░░░  42% │
│  NERD-5306 · precheck                │
│● pee07               opus ▓▓░░░  49% │
│  NERD-5307 · go-coder                │
│⟳ pee08               son  ▓▓▓░░  56% │
│  NERD-5308 · precheck                │
│◐ pee09               opus ▓▓▓░░  63% │
│  NERD-5309 · go-coder                │
│◐ pee10               opus ▓▓▓▓░  70% │
│  NERD-5310 · precheck                │
│● pee11               opus ▓▓▓▓░  77% │
│  NERD-5311 · go-coder                │
│? pee12               son  ░░░░░   -- │
│  NERD-5312 · precheck                │
│◐ pee13               opus ▓▓▓▓▓  91% │
│  NERD-5313 · go-coder                │
│● pee14               opus ▓▓▓▓▓  98% │
│  NERD-5314 · precheck                │
│◐ pee15               opus ░░░░░   5% │
│  NERD-5315 · go-coder                │
│✔ pee16               son  ▓░░░░  12% │
│  NERD-5316 · precheck                │
│◐ pee17               opus ▓░░░░  19% │
│  NERD-5317 · go-coder                │
│  …3 more                             │
╰──────────────────────────────────────╯
 ←↑↓→ move · enter focus · ? help
