╭──────────────────────────────────────────────────────────────────────────────╮
│ agentisan                                                           [ btop ] │
│ boss ▸ not running                                                     17:19 │
╰──────────────────────────────────────────────────────────────────────────────╯

 no agents in this team

















 enter jump · ↑↓ move · ctrl-b m btop · ? help · q quit
