╭──────────────────────────────────────────────────────────────────────────────╮
│ agentisan · PRs 5 · issues 14 · slots 2/2                                    │
│ boss ▸ ◐ working · #867 release · review · ctx ▓▓░░░░░░ 23%            17:19 │
╰──────────────────────────────────────────────────────────────────────────────╯

╭─ CODERS · 9 ✔1 ◐4 ●2 ⚠1 ⟳1 ──────────────────────────────────────────────────╮
│ write the code                                                               │
│ ◐ pee01      working  opus  ▓▓░░░  38%  r2         J1 re-run             12m │
│ ◐ pee02      working  opus  ▓▓░░░  30%             J1 re-queued          21m │
│ ● pee03      idle     opus  ▓░░░░  22%  PR3a       committed           1h39m │
│ ◐ pee04      working  opus  ▓▓▓░░  61%  NERD-5255  go-review              3m │
│ ⚠ pee05      blocked  opus  ▓▓▓▓░  78%  NERD-5247  waiting on boss     1h09m │
│ ● pee06      idle     son   ▓░░░░  12%                                       │
│ ✔ pee07      done     opus  ▓▓░░░  47%  NERD-5246  merged              2d08h │
│ ⟳ pee08      ready    opus  ░░░░░   --             handoff read           0m │
│ ◐ pee09      working  opus  ▓▓▓░░  69%  NERD-5268  precheck: tdaddy …        │
╰──────────────────────────────────────────────────────────────────────────────╯
╭─ PRECHECK · 2 ◐1 ●1 ─────────────────────────────────────────────────────────╮
│ ◐ precheck   working  son   ▓▓░░░  37%             running                8m │
│ ● precheck2  idle     son   ▓░░░░  10%                                       │
╰──────────────────────────────────────────────────────────────────────────────╯
╭─ QA · 1 ✔1 ──────────────────────────────────────────────────────────────────╮
│ ✔ qa         done     son   ▓░░░░  12%             queue empty         3h19m │
 ✖ snapshot: snapshot source is unavailable · focus off: HERDR_SOCKET_PATH … ↓3
