╭────────────────────────────────────────────────╮
│ agentisan · PRs 5 · issues 14 · slo…  [ btop ] │
│ boss ▸ ◐ working · ctx ▓▓░░░░░░ 23%      17:19 │
╰────────────────────────────────────────────────╯

╭─ CODERS · 9 ✔1 ◐4 ●2 ⚠1 ⟳1 ────────────────────╮
│ write the code                                 │
│ ◐ pee01      working  opus  ▓▓░░░  38%         │
│ ◐ pee02      working  opus  ▓▓░░░  30%         │
│ ● pee03      idle     opus  ▓░░░░  22%         │
│ ◐ pee04      working  opus  ▓▓▓░░  61%         │
│ ⚠ pee05      blocked  opus  ▓▓▓▓░  78%         │
│ ● pee06      idle     son   ▓░░░░  12%         │
│ ✔ pee07      done     opus  ▓▓░░░  47%         │
│ ⟳ pee08      ready    opus  ░░░░░   --         │
│ ◐ pee09      working  opus  ▓▓▓░░  69%         │
╰────────────────────────────────────────────────╯
╭─ PRECHECK · 2 ◐1 ●1 ───────────────────────────╮
│ ◐ precheck   working  son   ▓▓░░░  37%         │
│ ● precheck2  idle     son   ▓░░░░  10%         │
╰────────────────────────────────────────────────╯
╭─ QA · 1 ✔1 ────────────────────────────────────╮
│ ✔ qa         done     son   ▓░░░░  12%         │
╰────────────────────────────────────────────────╯
╭─ CODEX · 1 ◐1 ─────────────────────────────────╮
│ Codex review triage                            │
│ ◐ codex      working  gpt-  ▓▓░░░  41%         │
╰────────────────────────────────────────────────╯
╭─ RESEARCH · 1 ●1 ──────────────────────────────╮
 enter jump · ↑↓ move · ctrl-b m btop · ? hel… ↓2
