╭──────────────────────────────────────────────────────────────────────────────╮
│ agentisan · PRs 5 · issues 14 · slots 2/2                           [ btop ] │
│ boss ▸ ◐ working · #867 release · review · ctx ▓▓░░░░░░ 23%            17:19 │
╰──────────────────────────────────────────────────────────────────────────────╯

╭─ PRECHECK · 2 ◐1 ●1 ─────────────────────────────────────────────────────────╮
│ ◐ precheck   working  son   ▓▓░░░  37%             running                8m │
│ ● precheck2  idle     son   ▓░░░░  10%                                       │
╰──────────────────────────────────────────────────────────────────────────────╯
╭─ QA · 1 ✔1 ──────────────────────────────────────────────────────────────────╮
│ ✔ qa         done     son   ▓░░░░  12%             queue empty         3h19m │
╰──────────────────────────────────────────────────────────────────────────────╯
╭─ CODEX · 1 ◐1 ───────────────────────────────────────────────────────────────╮
│ Codex review triage                                                          │
│ ◐ codex      working  gpt-  ▓▓░░░  41%  #868       triage                 6m │
╰──────────────────────────────────────────────────────────────────────────────╯
╭─ RESEARCH · 1 ●1 ────────────────────────────────────────────────────────────╮
│ reads before anyone writes                                                   │
│ ● research   idle     hai   ░░░░░   5%             herdr 0.9.3 events    48m │
╰──────────────────────────────────────────────────────────────────────────────╯
╭─ CLERK · 1 ?1 ───────────────────────────────────────────────────────────────╮
│ ? clerk      unknown  hai   ░░░░░   --                                       │
╰──────────────────────────────────────────────────────────────────────────────╯
 enter jump · ↑↓ move · ctrl-b m btop · ? help · q quit                      ↑9
