╭──────────────────────────────────────────────────────────────────────────────╮
│                                                                     [ btop ] │
│                                                                        17:19 │
╰──────────────────────────────────────────────────────────────────────────────╯

 waiting for the daemon…

















 enter jump · ↑↓ move · ctrl-b m btop · ? help · q quit
