╭──────────────────────────────────────────────────────────────────────────────────────────────────────────────────────╮
│ ﻿チーム​ · slots 0/3                                                                                          [ btop ] │
│ boss ▸ ◐ working · 仕様書の確認 · レビュー · ctx ▓▓▓▓░░░░ 50% · up 3d18h                                       17:19 │
╰──────────────────────────────────────────────────────────────────────────────────────────────────────────────────────╯

╭─ CAFÉ · 1 ⚠1 ────────────────────────────────────────────────────────────────────────────────────────────────────────╮
│ ⚠ nfd-é         blocked  son   ▓▓▓▓░  80%                 a​b​c                                                        │
╰──────────────────────────────────────────────────────────────────────────────────────────────────────────────────────╯
╭─ 日本語 · 2 ◐1 ●1 ───────────────────────────────────────────────────────────────────────────────────────────────────╮
│ ◐ エージェント  working  日本  ▓▓░░░  40%  課題-1         とても長い段階名がカードからはみ出します                   │
│ ● 👍👍👍        idle     opus  ▓▓▓░░  60%  emoji 👍 item  🚀🚀🚀🚀🚀🚀🚀🚀🚀🚀🚀🚀🚀🚀🚀🚀🚀🚀🚀🚀                   │
╰──────────────────────────────────────────────────────────────────────────────────────────────────────────────────────╯



























 enter jump · ↑↓ move · ctrl-b m btop · ? help · q quit
