╭──────────────────────────────────────────────────────────────────────────────╮
│ agentisan · PRs 5 · issues 14 · slots 2/2                           [ btop ] │
│ boss ▸ ◐ working · #867 release · review · ctx ▓▓░░░░░░ 23%            17:19 │
╰──────────────────────────────────────────────────────────────────────────────╯

╭─ CODERS · 1 ◐1 ──────────────────────────────────────────────────────────────╮
│ write the code                                                               │
│ ◐ pee04  working  opus  ▓▓▓░░  61%  NERD-5255  go-review                  3m │
╰──────────────────────────────────────────────────────────────────────────────╯














 /5255▏ · enter jump · ↑↓ move · esc clear
