╭──────────────────────────────────────────────────────────────────────────────╮
│ agentisan · PRs 5 · issues 14 · slots 2/2                           [ btop ] │
│ boss ▸ ◐ working · #867 release · review · ctx ▓▓░░░░░░ 23%            17:19 │
╰──────────────────────────────────────────────────────────────────────────────╯

 no matches

















 /zzz▏ · enter jump · ↑↓ move · esc clear
